============================= test session starts =============================
platform win32 -- Python 3.11.9, pytest-8.3.2, pluggy-1.6.0 -- C:\Users\JAVIS\AppData\Local\Programs\Python\Python311\python.exe
cachedir: .pytest_cache
rootdir: C:\Users\JAVIS\ch\ch25
configfile: pytest.ini
plugins: anyio-4.12.0, asyncio-0.23.3, cov-4.1.0
asyncio: mode=Mode.STRICT
collecting ... collected 10 items

tests/v2_tests/phase2_core/test_v2_mission_service.py::test_v2_mission_update_progress PASSED [ 10%]
tests/v2_tests/phase2_core/test_v2_mission_service.py::test_v2_mission_claim_reward_vault FAILED [ 20%]
tests/v2_tests/phase2_core/test_v2_mission_service.py::test_v2_mission_claim_daily_gift FAILED [ 30%]
tests/v2_tests/phase2_core/test_v2_mission_game_specific.py::TestGameSpecificMissions::test_play_dice_mission_updates_only_dice PASSED [ 40%]
tests/v2_tests/phase2_core/test_v2_mission_game_specific.py::TestGameSpecificMissions::test_play_game_updates_all_game_missions PASSED [ 50%]
tests/v2_tests/phase2_core/test_v2_mission_game_specific.py::TestGameSpecificMissions::test_dice_play_alias_matches_play_dice PASSED [ 60%]
tests/v2_tests/phase2_core/test_v2_mission_game_specific.py::TestGameSpecificMissions::test_combined_game_and_specific_missions PASSED [ 70%]
tests/v2_tests/phase2_core/test_v2_mission_game_specific.py::TestNewUserMissions::test_telegram_join_mission PASSED [ 80%]
tests/v2_tests/phase2_core/test_v2_mission_game_specific.py::TestNewUserMissions::test_cc_deposit_mission PASSED [ 90%]
tests/v2_tests/phase2_core/test_v2_mission_game_specific.py::TestWeeklyMissions::test_weekly_roulette_mission PASSED [100%]

================================== FAILURES ===================================
_____________________ test_v2_mission_claim_reward_vault ______________________

db_session = <sqlalchemy.orm.session.Session object at 0x000002BF2E270BD0>

    def test_v2_mission_claim_reward_vault(db_session):
        user = _seed_user(db_session, user_id=2)
    
        mission = Mission(
            title="Daily Vault",
            description="Claim vault",
            category=MissionCategory.DAILY,
            logic_key="DAILY_VAULT",
            action_type="LOGIN",
            target_value=1,
            reward_type=MissionRewardType.POINT,
            reward_amount=100,
            is_active=True,
        )
        db_session.add(mission)
        db_session.commit()
    
        service = V2MissionService(db_session)
        reset_date = service._get_reset_date_str(mission.category)
        progress = UserMissionProgress(
            user_id=user.id,
            mission_id=mission.id,
            reset_date=reset_date,
            current_value=1,
            is_completed=True,
            is_claimed=False,
        )
        db_session.add(progress)
        db_session.commit()
    
>       ok, reward_type, amount = service.claim_reward(user.id, mission.id)

tests\v2_tests\phase2_core\test_v2_mission_service.py:106: 
_ _ _ _ _ _ _ _ _ _ _ _ _ _ _ _ _ _ _ _ _ _ _ _ _ _ _ _ _ _ _ _ _ _ _ _ _ _ _ _
app\v2\services\mission_service.py:310: in claim_reward
    is_suspended, _ = V2VaultService.is_benefits_suspended(self.db, user_id)
_ _ _ _ _ _ _ _ _ _ _ _ _ _ _ _ _ _ _ _ _ _ _ _ _ _ _ _ _ _ _ _ _ _ _ _ _ _ _ _

db = <sqlalchemy.orm.session.Session object at 0x000002BF2E270BD0>, user_id = 2
now_dt = datetime.datetime(2026, 1, 31, 5, 35, 39, 269742)

    @staticmethod
    def is_benefits_suspended(db: Session, user_id: int, now_dt: datetime | None = None) -> tuple[bool, int]:
        """유저가 혜택 제재 상태인지 확인 (7일간 무입금 시 제재).
    
        정책: v2_strict_vault_policy_sot_ko.md
        - 7일간 입금 합계가 0이면 benefits_suspended = True
        - **예외**: 가입 7일 이내 신규 유저는 제재 대상에서 제외
    
        Args:
            db: SQLAlchemy 세션
            user_id: 유저 ID
            now_dt: 기준 시각 (기본: 현재 UTC)
    
        Returns:
            (is_suspended, deposit_7d) tuple
            - is_suspended: 제재 여부
            - deposit_7d: 최근 7일 입금 합계
        """
        from app.v2.models.user import V2User
    
        now_dt = now_dt or datetime.utcnow()
    
        # === 신규 유저 예외 처리 (가입 7일 이내) ===
        user = db.query(V2User).filter(V2User.id == user_id).first()
        if user and user.created_at:
>           days_since_signup = (now_dt - user.created_at).days
E           TypeError: can't subtract offset-naive and offset-aware datetimes

app\v2\services\vault_service.py:193: TypeError
______________________ test_v2_mission_claim_daily_gift _______________________

db_session = <sqlalchemy.orm.session.Session object at 0x000002BF2E636B10>

    def test_v2_mission_claim_daily_gift(db_session):
        user = _seed_user(db_session, user_id=3)
    
        mission = Mission(
            title="Daily Gift",
            description="Gift",
            category=MissionCategory.DAILY,
            logic_key="daily_login_gift",
            action_type="LOGIN",
            target_value=1,
            reward_type=MissionRewardType.DIAMOND,
            reward_amount=1,
            is_active=True,
        )
        db_session.add(mission)
        db_session.commit()
    
        service = V2MissionService(db_session)
>       ok, reward_type, amount = service.claim_daily_gift(user.id)

tests\v2_tests\phase2_core\test_v2_mission_service.py:132: 
_ _ _ _ _ _ _ _ _ _ _ _ _ _ _ _ _ _ _ _ _ _ _ _ _ _ _ _ _ _ _ _ _ _ _ _ _ _ _ _
app\v2\services\mission_service.py:454: in claim_daily_gift
    return self.claim_reward(user_id, mission.id)
app\v2\services\mission_service.py:310: in claim_reward
    is_suspended, _ = V2VaultService.is_benefits_suspended(self.db, user_id)
_ _ _ _ _ _ _ _ _ _ _ _ _ _ _ _ _ _ _ _ _ _ _ _ _ _ _ _ _ _ _ _ _ _ _ _ _ _ _ _

db = <sqlalchemy.orm.session.Session object at 0x000002BF2E636B10>, user_id = 3
now_dt = datetime.datetime(2026, 1, 31, 5, 35, 39, 523135)

    @staticmethod
    def is_benefits_suspended(db: Session, user_id: int, now_dt: datetime | None = None) -> tuple[bool, int]:
        """유저가 혜택 제재 상태인지 확인 (7일간 무입금 시 제재).
    
        정책: v2_strict_vault_policy_sot_ko.md
        - 7일간 입금 합계가 0이면 benefits_suspended = True
        - **예외**: 가입 7일 이내 신규 유저는 제재 대상에서 제외
    
        Args:
            db: SQLAlchemy 세션
            user_id: 유저 ID
            now_dt: 기준 시각 (기본: 현재 UTC)
    
        Returns:
            (is_suspended, deposit_7d) tuple
            - is_suspended: 제재 여부
            - deposit_7d: 최근 7일 입금 합계
        """
        from app.v2.models.user import V2User
    
        now_dt = now_dt or datetime.utcnow()
    
        # === 신규 유저 예외 처리 (가입 7일 이내) ===
        user = db.query(V2User).filter(V2User.id == user_id).first()
        if user and user.created_at:
>           days_since_signup = (now_dt - user.created_at).days
E           TypeError: can't subtract offset-naive and offset-aware datetimes

app\v2\services\vault_service.py:193: TypeError
============================== warnings summary ===============================
..\..\AppData\Local\Programs\Python\Python311\Lib\site-packages\pydantic\_internal\_generate_schema.py:2249
  C:\Users\JAVIS\AppData\Local\Programs\Python\Python311\Lib\site-packages\pydantic\_internal\_generate_schema.py:2249: UnsupportedFieldAttributeWarning: The 'validation_alias' attribute with value AliasChoices(choices=['cc_id', 'external_id']) was provided to the `Field()` function, which has no effect in the context it was used. 'validation_alias' is field-specific metadata, and can only be attached to a model field using `Annotated` metadata or by assignment. This may have happened because an `Annotated` type alias using the `type` statement was used, or if the `Field()` function was attached to a single member of a union type.
    warnings.warn(

app\main.py:166
  C:\Users\JAVIS\ch\ch25\app\main.py:166: DeprecationWarning: 
          on_event is deprecated, use lifespan event handlers instead.
  
          Read more about it in the
          [FastAPI docs for Lifespan Events](https://fastapi.tiangolo.com/advanced/events/).
          
    @app.on_event("startup")

..\..\AppData\Local\Programs\Python\Python311\Lib\site-packages\fastapi\applications.py:4495
..\..\AppData\Local\Programs\Python\Python311\Lib\site-packages\fastapi\applications.py:4495
  C:\Users\JAVIS\AppData\Local\Programs\Python\Python311\Lib\site-packages\fastapi\applications.py:4495: DeprecationWarning: 
          on_event is deprecated, use lifespan event handlers instead.
  
          Read more about it in the
          [FastAPI docs for Lifespan Events](https://fastapi.tiangolo.com/advanced/events/).
          
    return self.router.on_event(event_type)

app\main.py:195
  C:\Users\JAVIS\ch\ch25\app\main.py:195: DeprecationWarning: 
          on_event is deprecated, use lifespan event handlers instead.
  
          Read more about it in the
          [FastAPI docs for Lifespan Events](https://fastapi.tiangolo.com/advanced/events/).
          
    @app.on_event("shutdown")

-- Docs: https://docs.pytest.org/en/stable/how-to/capture-warnings.html
=========================== short test summary info ===========================
FAILED tests/v2_tests/phase2_core/test_v2_mission_service.py::test_v2_mission_claim_reward_vault
FAILED tests/v2_tests/phase2_core/test_v2_mission_service.py::test_v2_mission_claim_daily_gift
=================== 2 failed, 8 passed, 5 warnings in 4.00s ===================
